// Jest Snapshot v1, https://goo.gl/fbAQLP

exports[`should render an expenseList item 1`] = `
<div>
  <Link
    to="/edit/2"
  >
    <h3>
      Notebooks
    </h3>
  </Link>
  <p>
    Amount: 
    1199
     Created: 
    345600000
  </p>
</div>
`;
